exports[`test have a /status route 1`] = `
Object {
  "lastRequest": Object {
    "error": null,
    "rawResponse": null,
    "when": null
  },
  "version": "0.1.2"
}
`;
